------------------------------------------------------------
TimeQuest Timing Analyzer Summary
------------------------------------------------------------

Type  : Slow 1200mV 85C Model Setup 'stopwatch:STOPWATCH_0|sw'
Slack : -5.044
TNS   : -54.975

Type  : Slow 1200mV 85C Model Setup 'BUT[1]'
Slack : -2.360
TNS   : -330.187

Type  : Slow 1200mV 85C Model Setup 'clk'
Slack : -2.190
TNS   : -66.971

Type  : Slow 1200mV 85C Model Setup 'dcnt[18]'
Slack : -2.091
TNS   : -39.661

Type  : Slow 1200mV 85C Model Setup 'dcnt[22]'
Slack : -2.024
TNS   : -25.320

Type  : Slow 1200mV 85C Model Setup 'BUT[0]'
Slack : -1.110
TNS   : -5.021

Type  : Slow 1200mV 85C Model Setup 'BUT[2]'
Slack : 0.318
TNS   : 0.000

Type  : Slow 1200mV 85C Model Hold 'stopwatch:STOPWATCH_0|sw'
Slack : -1.155
TNS   : -11.684

Type  : Slow 1200mV 85C Model Hold 'clk'
Slack : -0.765
TNS   : -2.696

Type  : Slow 1200mV 85C Model Hold 'BUT[0]'
Slack : -0.054
TNS   : -0.054

Type  : Slow 1200mV 85C Model Hold 'BUT[1]'
Slack : 0.054
TNS   : 0.000

Type  : Slow 1200mV 85C Model Hold 'dcnt[22]'
Slack : 0.313
TNS   : 0.000

Type  : Slow 1200mV 85C Model Hold 'dcnt[18]'
Slack : 0.363
TNS   : 0.000

Type  : Slow 1200mV 85C Model Hold 'BUT[2]'
Slack : 0.385
TNS   : 0.000

Type  : Slow 1200mV 85C Model Recovery 'BUT[0]'
Slack : -0.343
TNS   : -0.343

Type  : Slow 1200mV 85C Model Recovery 'BUT[1]'
Slack : -0.100
TNS   : -1.342

Type  : Slow 1200mV 85C Model Recovery 'dcnt[18]'
Slack : 0.198
TNS   : 0.000

Type  : Slow 1200mV 85C Model Removal 'dcnt[18]'
Slack : -0.370
TNS   : -3.863

Type  : Slow 1200mV 85C Model Removal 'BUT[1]'
Slack : -0.137
TNS   : -5.622

Type  : Slow 1200mV 85C Model Removal 'BUT[0]'
Slack : -0.027
TNS   : -0.027

Type  : Slow 1200mV 85C Model Minimum Pulse Width 'BUT[1]'
Slack : -3.000
TNS   : -174.000

Type  : Slow 1200mV 85C Model Minimum Pulse Width 'clk'
Slack : -3.000
TNS   : -48.000

Type  : Slow 1200mV 85C Model Minimum Pulse Width 'BUT[0]'
Slack : -3.000
TNS   : -15.000

Type  : Slow 1200mV 85C Model Minimum Pulse Width 'BUT[2]'
Slack : -3.000
TNS   : -4.000

Type  : Slow 1200mV 85C Model Minimum Pulse Width 'dcnt[18]'
Slack : -1.000
TNS   : -29.000

Type  : Slow 1200mV 85C Model Minimum Pulse Width 'dcnt[22]'
Slack : -1.000
TNS   : -19.000

Type  : Slow 1200mV 85C Model Minimum Pulse Width 'stopwatch:STOPWATCH_0|sw'
Slack : 0.419
TNS   : 0.000

Type  : Slow 1200mV 0C Model Setup 'stopwatch:STOPWATCH_0|sw'
Slack : -4.712
TNS   : -50.769

Type  : Slow 1200mV 0C Model Setup 'BUT[1]'
Slack : -2.055
TNS   : -284.628

Type  : Slow 1200mV 0C Model Setup 'clk'
Slack : -1.907
TNS   : -54.893

Type  : Slow 1200mV 0C Model Setup 'dcnt[22]'
Slack : -1.850
TNS   : -21.861

Type  : Slow 1200mV 0C Model Setup 'dcnt[18]'
Slack : -1.775
TNS   : -32.620

Type  : Slow 1200mV 0C Model Setup 'BUT[0]'
Slack : -0.886
TNS   : -3.404

Type  : Slow 1200mV 0C Model Setup 'BUT[2]'
Slack : 0.398
TNS   : 0.000

Type  : Slow 1200mV 0C Model Hold 'stopwatch:STOPWATCH_0|sw'
Slack : -0.935
TNS   : -9.284

Type  : Slow 1200mV 0C Model Hold 'clk'
Slack : -0.730
TNS   : -2.644

Type  : Slow 1200mV 0C Model Hold 'BUT[0]'
Slack : -0.120
TNS   : -0.120

Type  : Slow 1200mV 0C Model Hold 'BUT[1]'
Slack : -0.025
TNS   : -0.261

Type  : Slow 1200mV 0C Model Hold 'dcnt[22]'
Slack : 0.312
TNS   : 0.000

Type  : Slow 1200mV 0C Model Hold 'dcnt[18]'
Slack : 0.321
TNS   : 0.000

Type  : Slow 1200mV 0C Model Hold 'BUT[2]'
Slack : 0.341
TNS   : 0.000

Type  : Slow 1200mV 0C Model Recovery 'BUT[0]'
Slack : -0.265
TNS   : -0.265

Type  : Slow 1200mV 0C Model Recovery 'BUT[1]'
Slack : -0.083
TNS   : -1.079

Type  : Slow 1200mV 0C Model Recovery 'dcnt[18]'
Slack : 0.147
TNS   : 0.000

Type  : Slow 1200mV 0C Model Removal 'dcnt[18]'
Slack : -0.236
TNS   : -2.034

Type  : Slow 1200mV 0C Model Removal 'BUT[1]'
Slack : -0.129
TNS   : -5.449

Type  : Slow 1200mV 0C Model Removal 'BUT[0]'
Slack : -0.040
TNS   : -0.040

Type  : Slow 1200mV 0C Model Minimum Pulse Width 'BUT[1]'
Slack : -3.000
TNS   : -174.000

Type  : Slow 1200mV 0C Model Minimum Pulse Width 'clk'
Slack : -3.000
TNS   : -48.000

Type  : Slow 1200mV 0C Model Minimum Pulse Width 'BUT[0]'
Slack : -3.000
TNS   : -15.000

Type  : Slow 1200mV 0C Model Minimum Pulse Width 'BUT[2]'
Slack : -3.000
TNS   : -4.000

Type  : Slow 1200mV 0C Model Minimum Pulse Width 'dcnt[18]'
Slack : -1.000
TNS   : -29.000

Type  : Slow 1200mV 0C Model Minimum Pulse Width 'dcnt[22]'
Slack : -1.000
TNS   : -19.000

Type  : Slow 1200mV 0C Model Minimum Pulse Width 'stopwatch:STOPWATCH_0|sw'
Slack : 0.479
TNS   : 0.000

Type  : Fast 1200mV 0C Model Setup 'stopwatch:STOPWATCH_0|sw'
Slack : -2.946
TNS   : -31.607

Type  : Fast 1200mV 0C Model Setup 'BUT[1]'
Slack : -0.920
TNS   : -111.725

Type  : Fast 1200mV 0C Model Setup 'clk'
Slack : -0.803
TNS   : -19.689

Type  : Fast 1200mV 0C Model Setup 'dcnt[18]'
Slack : -0.791
TNS   : -12.665

Type  : Fast 1200mV 0C Model Setup 'dcnt[22]'
Slack : -0.599
TNS   : -5.702

Type  : Fast 1200mV 0C Model Setup 'BUT[0]'
Slack : -0.174
TNS   : -0.245

Type  : Fast 1200mV 0C Model Setup 'BUT[2]'
Slack : 0.626
TNS   : 0.000

Type  : Fast 1200mV 0C Model Hold 'stopwatch:STOPWATCH_0|sw'
Slack : -0.802
TNS   : -8.929

Type  : Fast 1200mV 0C Model Hold 'clk'
Slack : -0.534
TNS   : -2.750

Type  : Fast 1200mV 0C Model Hold 'BUT[0]'
Slack : -0.344
TNS   : -0.344

Type  : Fast 1200mV 0C Model Hold 'BUT[1]'
Slack : -0.325
TNS   : -28.888

Type  : Fast 1200mV 0C Model Hold 'dcnt[22]'
Slack : 0.076
TNS   : 0.000

Type  : Fast 1200mV 0C Model Hold 'dcnt[18]'
Slack : 0.195
TNS   : 0.000

Type  : Fast 1200mV 0C Model Hold 'BUT[2]'
Slack : 0.208
TNS   : 0.000

Type  : Fast 1200mV 0C Model Recovery 'dcnt[18]'
Slack : 0.045
TNS   : 0.000

Type  : Fast 1200mV 0C Model Recovery 'BUT[0]'
Slack : 0.358
TNS   : 0.000

Type  : Fast 1200mV 0C Model Recovery 'BUT[1]'
Slack : 0.511
TNS   : 0.000

Type  : Fast 1200mV 0C Model Removal 'dcnt[18]'
Slack : -0.295
TNS   : -3.557

Type  : Fast 1200mV 0C Model Removal 'BUT[1]'
Slack : -0.078
TNS   : -3.379

Type  : Fast 1200mV 0C Model Removal 'BUT[0]'
Slack : -0.015
TNS   : -0.015

Type  : Fast 1200mV 0C Model Minimum Pulse Width 'BUT[1]'
Slack : -3.000
TNS   : -201.017

Type  : Fast 1200mV 0C Model Minimum Pulse Width 'clk'
Slack : -3.000
TNS   : -50.567

Type  : Fast 1200mV 0C Model Minimum Pulse Width 'BUT[0]'
Slack : -3.000
TNS   : -16.548

Type  : Fast 1200mV 0C Model Minimum Pulse Width 'BUT[2]'
Slack : -3.000
TNS   : -4.130

Type  : Fast 1200mV 0C Model Minimum Pulse Width 'dcnt[18]'
Slack : -1.000
TNS   : -29.000

Type  : Fast 1200mV 0C Model Minimum Pulse Width 'dcnt[22]'
Slack : -1.000
TNS   : -19.000

Type  : Fast 1200mV 0C Model Minimum Pulse Width 'stopwatch:STOPWATCH_0|sw'
Slack : 0.380
TNS   : 0.000

------------------------------------------------------------
